---
source: crates/astra-cli/src/tui/session_picker/view.rs
expression: "render_picker(&d, 60, 10)"
---
┌ Recent sessions · 3 ─────────────────────────────────────┐
│▌ refactor tui approval                                   │
│    844d ago · 12 turns · ~/astra                         │
│  initial setup                                           │
│    844d ago · 3 turns · ~/astra                          │
│  add auth flow with OAuth                                │
│    845d ago · 20 turns · ~/other                         │
│                                                          │
│                                                          │
└──────────────────────────────────────────────────────────┘
