---
source: crates/astra-cli/src/tui/session_picker/view.rs
assertion_line: 458
expression: "render_picker(&d, 100, 10)"
---
┌ Resume session (3) ──────────────────────────────────────────────────────────────────────────────┐
│  844d ago · 12t · $0.42 · ~/astra · ⎇ enhance_tui         sess_def456                            │
│    refactor tui approval                                  status completed                       │
│▌ 844d ago · 3t · $0.05 · ~/astra · ⎇ main                 model  sonnet-4.6                      │
│    initial setup                                          branch main @ 616d4cf                  │
│  845d ago · 20t · $3.10 · ~/other · ⎇ feat/login          tokens 1.2k in · 600 out               │
│    add auth flow with OAuth                               cost   $0.05                           │
│                                                           turns  3                               │
│                                                           ckpts  2                               │
└──────────────────────────────────────────────────────────────────────────────────────────────────┘
