---
source: crates/astra-cli/src/tui/context_panel/view.rs
expression: "render_panel(&b, 80, 9)"
---
┌ Context window (96% · high) ─────────────────────────────────────────────────┐
│ █████████████████████████████████████████████████████████████████████████░░░ │
│ ■ system     12.0k  (12.0%)                                                  │
│ ■ tools      10.0k  (10.0%)                                                  │
│ ■ memory      2.0k  ( 2.0%)                                                  │
│ ■ history    70.0k  (70.0%)                                                  │
│ ■ current     1.5k  ( 1.5%)                                                  │
│ total 95.5k / 100.0k                                                         │
└──────────────────────────────────────────────────────────────────────────────┘
