---
source: crates/astra-cli/src/tui/context_panel/view.rs
expression: "render_panel(&b, 80, 14)"
---
┌ Context window (22% · low) ──────────────────────────────────────────────────┐
│  21.7k / 100.0k tokens  (21.7%)                                              │
│                                                                              │
│  ⛁ ⛁ ⛁ ⛁ ⛁ ⛁ ⛁ ⛁ ⛁ ⛁   ⛁ System prompt     2.0k  ( 2.0%)                     │
│  ⛶ ⛶ ⛶ ⛶ ⛶ ⛶ ⛶ ⛶ ⛶ ⛶   ⛁ Tools             4.0k  ( 4.0%)                     │
│  ⛶ ⛶ ⛶ ⛶ ⛶ ⛶ ⛶ ⛶ ⛶ ⛶   ⛁ Memory             500  ( 0.5%)                     │
│  ⛶ ⛶ ⛶ ⛶ ⛶ ⛶ ⛶ ⛶ ⛶ ⛶   ⛁ History          15.0k  (15.0%)                     │
│  ⛶ ⛶ ⛶ ⛶ ⛶ ⛶ ⛶ ⛶ ⛶ ⛶   ⛁ Current turn       200  ( 0.2%)                     │
│                        ⛶ Free space       78.3k  (78.3%)                     │
│                                                                              │
│                                                                              │
│                                                                              │
│                                                                              │
└──────────────────────────────────────────────────────────────────────────────┘
