---
source: crates/astra-cli/src/tui/context_panel/view.rs
expression: "render_panel(&b, 60, 9)"
---
┌ Context window (37% · low) ──────────────────────────────┐
│ ████████████████████░░░░░░░░░░░░░░░░░░░░░░░░░░░░░░░░░░░░ │
│ ■ system      2.0k  ( 2.0%)                              │
│ ■ tools       4.0k  ( 4.0%)                              │
│ ■ memory       500  ( 0.5%)                              │
│ ■ history    30.0k  (30.0%)                              │
│ ■ current      200  ( 0.2%)                              │
│ total 36.7k / 100.0k                                     │
└──────────────────────────────────────────────────────────┘
