---
source: crates/astra-cli/src/tui/context_panel/view.rs
expression: "render_panel(&b, 80, 7)"
---
┌ Context window (12% · low) ──────────────────────────────────────────────────┐
│ ██████████░░░░░░░░░░░░░░░░░░░░░░░░░░░░░░░░░░░░░░░░░░░░░░░░░░░░░░░░░░░░░░░░░░ │
│ ■ system      2.0k  ( 2.0%)                                                  │
│ ■ history    10.0k  (10.0%)                                                  │
│ ■ current      500  ( 0.5%)                                                  │
│ total 12.5k / 100.0k                                                         │
└──────────────────────────────────────────────────────────────────────────────┘
