---
source: crates/astra-cli/src/tui/context_panel/view.rs
expression: "render_panel(&b, 80, 9)"
---
┌ Context window (70% · warn) ─────────────────────────────────────────────────┐
│ ██████████████████████████████████████████████████████░░░░░░░░░░░░░░░░░░░░░░ │
│ ■ system      8.0k  ( 8.0%)                                                  │
│ ■ tools      10.0k  (10.0%)                                                  │
│ ■ memory      1.0k  ( 1.0%)                                                  │
│ ■ history    50.0k  (50.0%)                                                  │
│ ■ current     1.5k  ( 1.5%)                                                  │
│ total 70.5k / 100.0k                                                         │
└──────────────────────────────────────────────────────────────────────────────┘
