---
source: crates/astra-cli/src/tui/slash_dispatch.rs
expression: "build_panels_cheat_sheet_lines().join(\"\\n\")"
---
  /resume
      pick and restore a recent session
      ↑↓ navigate · type to filter · Enter resume · Esc close

  /context
      visualise the current turn's token budget
      Enter / q / Esc close

  /timeline
      browse this session's turn-by-turn journal
      ↑↓ navigate · PgUp/PgDn page · q / Esc close

  /table <sql>
      run a SQL query and render a navigable table
      ↑↓ rows · ←→ cols · Home/End jump · q / Esc close

  /worktrees
      list git worktrees with per-worktree session counts
      ↑↓ navigate · q / Esc close

  /config [edit|show|paths|sources|diff|export]
      edit opens the panel; show/paths/sources/diff/export stay text-first
      panel: ↑↓ navigate · Enter edit/set · type to search · Esc save/close

  /model
      fuzzy-search model picker; switch or inspect current model
      type to filter · Enter select · Esc close

  /skill
      browse, search, install, and manage skills
      type to filter · Enter select · Esc close

  /memory [list|search <q>|inspect <id>]
      browse, search, and inspect episodic and semantic memories
      ↑↓ navigate · Enter select · Esc close

  /session
      list, fork, history, analyze, or export sessions
      ↑↓ navigate · Enter select · Esc close

  /stats
      view token cost, tool usage, and session statistics
      Enter / q / Esc close

  /inspect
      session introspection: budget, tools, history, traces
      type subcommand · Esc close

  /info
      system info at a glance — version, model, session, skills
      ↑↓ scroll · Esc close

  /help
      list every slash command grouped by category
      ↑↓ browse · Esc close
