---
source: crates/astra-cli/src/tui/table_view/view.rs
assertion_line: 240
expression: "draw(&t, &n, 80, 8)"
---
┌ Table · 2 rows × 2 cols · row 1/2────────────────────────────────────────────┐
│id                       description                                          │
│1                        this is a very long str…                             │
│2                        and another equally ver…                             │
│                                                                              │
│                                                                              │
│                                                                              │
└──────────────────────────────────────────────────────────────────────────────┘
