---
source: crates/astra-cli/src/tui/table_view/view.rs
expression: "draw(&t, &n, 60, 8)"
---
┌ Table · 3 rows × 3 cols · row 1/3 · cols 2–3/3───────────┐
│name                     email                            │
│alice                    a@example.co                     │
│bob                      b@example.co                     │
│carol                    c@example.co                     │
│                                                          │
│  ↑ ↓ rows · ← → cols · q/Esc close                       │
└──────────────────────────────────────────────────────────┘
