---
source: crates/astra-cli/src/tui/bottom_pane/queue_preview_tests.rs
expression: "snapshot_text(&pane, Rect::new(0, 0, 80, 5))"
---
· Message astra                                                                 
  Enter queues follow-up · Ctrl+C stops                                         
  sonnet-4.6 · Ask · ~/github/astra · ⎇ enqueue…ext_call
