---
source: crates/astra-cli/src/tui/bottom_pane/queue_preview_tests.rs
assertion_line: 90
expression: "snapshot_text(&pane, Rect::new(0, 0, 80, 4))"
---
· Message astra                                                                 
  Ctrl+E opens editor · Shift+Enter newline                                     
  Ask                     sonnet-4.6 · ~/github/astra · ⎇ enqueue_n…_next_call
