---
source: crates/astra-cli/src/tui/bottom_pane/queue_preview_tests.rs
assertion_line: 103
expression: "snapshot_text(&pane, Rect::new(0, 0, 80, 4))"
---
· Send follow-up                                                                
  Queued for next tool call · Ctrl+C stops                                      
  Ask                     sonnet-4.6 · ~/github/astra · ⎇ enqueue_n…_next_call
