---
source: crates/astra-cli/src/tui/slash_menu/popup.rs
expression: "render_menu(&menu, 80, 10)"
---
▌ /help    show help
  /clear   clear screen
  ── Sessions ──────────────────────────────────────────────────────────────────
  /resume  resume a session
  /plan    manage plan
  ── Common ────────────────────────────────────────────────────────────────────
  /model   pick a model
  ── Inspect ───────────────────────────────────────────────────────────────────
  /config  runtime config
