---
source: crates/astra-cli/src/tui/context_panel/view.rs
assertion_line: 2367
expression: buffer_to_string(&buf)
---
  2.0k / 100.0k tokens  current prompt (2.0%)
  Esc back · j/k scroll

  ⛁ ⛶ ⛶ ⛶ ⛶ ⛶ ⛶ ⛶ ⛶ ⛶   ⛁ System prompt     2.0k  ( 2.0%)
  ⛶ ⛶ ⛶ ⛶ ⛶ ⛶ ⛶ ⛶ ⛶ ⛶   ⛶ Free space       98.0k  (98.0%)
  ⛶ ⛶ ⛶ ⛶ ⛶ ⛶ ⛶ ⛶ ⛶ ⛶
  ⛶ ⛶ ⛶ ⛶ ⛶ ⛶ ⛶ ⛶ ⛶ ⛶
  ⛶ ⛶ ⛶ ⛶ ⛶ ⛶ ⛶ ⛶ ⛶ ⛶

 ▼ History · conversation turns
    Esc back · drill: turn #0 assistant   4.2k tokens  [tools]
        assistant: I'll start by reading auth.rs and mapping out every caller.
