---
source: crates/astra-cli/src/tui/history_cell/approval.rs
assertion_line: 1002
expression: "render_at(&cell, 80)"
---
╭─ ⏸ npm test --filter auth [agent: review-subagent] [ssh:bastion-prod]
│ ⚑ BashExecute
│ npm test --filter auth -- --verbose
│ ⚠ This command needs your approval before it runs.
│ Always remembers: similar `npm test` commands in this workspace
│ Always disabled: sub-agent request
│
│  Allow once   Always×   Reject
╰─ ↑↓←→ select · Enter confirm · Esc reject · Ctrl+Enter quick accept
