---
source: crates/astra-cli/src/tui/history_cell/approval.rs
expression: "render_at(&cell, 80)"
---
╭─ ⏸ edit /etc/hosts
│ ⚑ WritesOutsideWorkspace  ⚑ WritesSensitiveFile
│ /etc/hosts
│ ⚠ writes outside workspace
│ Always disabled: outside workspace
│
│  Allow once   Always allow this command pattern in workspace×   Reject
╰─ ↑↓←→ select · Enter confirm · Esc reject · Ctrl+Enter quick accept
