---
source: crates/astra-cli/src/tui/history_cell/approval.rs
expression: "render_at(&fixture_full(), 100)"
---
╭─ Approval · Bash
│ npm test --filter auth
│ npm test --filter auth -- --verbose
│ Needs approval before it runs.
│ Remember · similar `npm test` commands in this workspace
│
│  Allow once   Always allow   Reject
╰─ ←→ move · Enter select · Esc close
