---
source: crates/astra-cli/src/tui/history_cell/approval.rs
expression: "render_at(&cell, 80)"
---
╭─ ⏸ npm test --filter auth [agent: review-subagent] [ssh:bastion-prod] 
│ ⚑ BashExecute
│ npm test --filter auth -- --verbose
│ ⚠ execute (Prompt mode, no allow rule matches)
│ Will save: Bash(npm test:*)
│ Always: session-only (sub-agent)
│ 
│  Accept   Reject   Always   Skip 
╰─ ↑↓←→ select · Enter confirm · Esc reject · Ctrl+Enter quick accept
