---
source: crates/astra-cli/src/tui/history_cell/approval.rs
assertion_line: 1079
expression: "render_at(&cell, 80)"
---
╭─ Approval · Edit File
│ edit /etc/hosts
│ ⚑ Outside workspace  ⚑ Sensitive file
│ /etc/hosts
│ writes outside workspace
│ Can't save: outside workspace
│
│  Allow once   Always allow   Reject
╰─ ←→ choose · Enter confirm · Esc reject
