---
source: crates/astra-cli/src/tui/history_cell/approval.rs
assertion_line: 992
expression: "render_at(&fixture_full(), 160)"
---
╭─ ⏸ npm test --filter auth
│ ⚑ BashExecute
│ npm test --filter auth -- --verbose
│ ⚠ This command needs your approval before it runs.
│ Remember: similar `npm test` commands in this workspace
│
│  Allow once   Always allow   Reject
╰─ ←→ select · Enter confirm · Esc reject
