---
source: crates/astra-cli/src/tui/session_picker/view.rs
expression: "render_picker(&d, 80, 4)"
---
┌ Recent sessions · 0 ─────────────────────────────────────────────────────────┐
│  no previous sessions yet — run one to resume it later                       │
│                                                                              │
└──────────────────────────────────────────────────────────────────────────────┘
