---
source: crates/astra-cli/src/tui/session_picker/view.rs
expression: "render_picker(&d, 100, 10)"
---
┌ Recent sessions · 3 ─────────────────────────────────────────────────────────────────────────────┐
│▌ refactor tui approval                                    sonnet-4.6                             │
│    844d ago · 12 turns · ~/astra                          enhance_tui @ 616d4cf                  │
│  initial setup                                            Completed · 844d ago                   │
│    844d ago · 3 turns · ~/astra                           ~/astra                                │
│  add auth flow with OAuth                                 12 turns · 11.5k tokens                │
│    845d ago · 20 turns · ~/other                          sess_abc123 · $0.42 spent · 2 saved    │
│                                                                                                  │
│                                                           refactor tui approval                  │
└──────────────────────────────────────────────────────────────────────────────────────────────────┘
