---
source: crates/astra-cli/src/tui/session_picker/view.rs
expression: "render_picker(&d, 100, 10)"
---
┌ Recent sessions · 1 Filter · auth ───────────────────────────────────────────────────────────────┐
│▌ add auth flow with OAuth                                 sonnet-4.6                             │
│    845d ago · 20 turns · ~/other                          feat/login @ 616d4cf                   │
│                                                           Completed · 845d ago                   │
│                                                           ~/other                                │
│                                                           20 turns · 60.0k tokens                │
│                                                           sess_xyz789 · $3.10 spent · 2 saved    │
│                                                                                                  │
│                                                           add auth flow with OAuth               │
└──────────────────────────────────────────────────────────────────────────────────────────────────┘
